C51 COMPILER V9.52.0.0   UART                                                              03/16/2022 11:10:14 PAGE 1   


C51 COMPILER V9.52.0.0, COMPILATION OF MODULE UART
OBJECT MODULE PLACED IN uart.OBJ
COMPILER INVOKED BY: D:\Program Files (x86)\Keil\C51\BIN\C51.EXE uart.c BROWSE DEBUG OBJECTEXTEND TABS(2)

line level    source

   1          #include "reg52.h"
   2          #include "motor.h"
   3          #include "string.h"
   4          sbit D5 = P3^7;
   5          #define SIZE 12
   6          
   7          sfr AUXR = 0x8E;
   8          char buffer[SIZE];
   9          
  10          void UartInit(void)   //9600bps@11.0592MHz
  11          {
  12   1        AUXR = 0x01;
  13   1        SCON = 0x50; //配置串口工作方式1，REN使能接收
  14   1        TMOD &= 0xF0;
  15   1        TMOD |= 0x20;//定时器1工作方式位8位自动重装
  16   1        
  17   1        TH1 = 0xFD;
  18   1        TL1 = 0xFD;//9600波特率的初值
  19   1        TR1 = 1;//启动定时器
  20   1        
  21   1        EA = 1;//开启总中断
  22   1        ES = 1;//开启串口中断
  23   1      }
  24          
  25          //M1qian  M2 hou M3 zuo  M4 you
  26          void Uart_Handler() interrupt 4
  27          {
  28   1        static int i = 0;//静态变量，被初始化一次
  29   1        char tmp;
  30   1      
  31   1        if(RI)//中断处理函数中，对于接收中断的响应
  32   1        {
  33   2            RI = 0;//清除接收中断标志位
  34   2            tmp = SBUF;
  35   2            if(tmp == 'M'){
  36   3              i = 0;
  37   3            }
  38   2            buffer[i++] = tmp;
  39   2          
  40   2            //灯控指令
  41   2            if(buffer[0] == 'M'){
  42   3              switch(buffer[1]){
  43   4                case '1':
  44   4                  goForward();
  45   4                  break;
  46   4                case '2':
  47   4                  goBack();
  48   4                  break;
  49   4                case '3':
  50   4                  goLeft();
  51   4                  break;
  52   4                case '4':
  53   4                  goRight();
  54   4                  break;
  55   4                default:
C51 COMPILER V9.52.0.0   UART                                                              03/16/2022 11:10:14 PAGE 2   

  56   4                  stop();
  57   4                  break;
  58   4              }
  59   3            }
  60   2          
  61   2            if(i == 12) {
  62   3              memset(buffer, '\0', SIZE);
  63   3              i = 0;
  64   3            }
  65   2        }
  66   1          
  67   1      }


MODULE INFORMATION:   STATIC OVERLAYABLE
   CODE SIZE        =    181    ----
   CONSTANT SIZE    =   ----    ----
   XDATA SIZE       =   ----    ----
   PDATA SIZE       =   ----    ----
   DATA SIZE        =     14    ----
   IDATA SIZE       =   ----    ----
   BIT SIZE         =   ----    ----
END OF MODULE INFORMATION.


C51 COMPILATION COMPLETE.  0 WARNING(S),  0 ERROR(S)
